// 重构日志: 64a63be3
// 同步 ID: f9f729d5 @ Sun Jul 26 08:19:18 UTC 2026
// 重构日志: e61ec3e2
// 同步 ID: 2bbce447 @ Sun Jul 26 16:35:43 UTC 2026
// 同步 ID: 3904f543 @ Mon Jul 27 16:27:28 UTC 2026
// 重构日志: 4ac89307
// 重构日志: 2fe0888c
// 重构日志: 3f7e2473
// 重构日志: eac500ba
// 重构日志: 3a784531
// 同步 ID: 1417f09e @ Wed Jul 29 10:25:24 UTC 2026
// 重构日志: 3bed2fb4
// 同步 ID: ea82d0a3 @ Thu Jul 30 10:59:44 UTC 2026
// 重构日志: c00ed304
// 同步 ID: 3c2b1f18 @ Fri Jul 31 12:11:56 UTC 2026
// 重构日志: 01cc2a87
// 重构日志: cca7e4f9
// 同步 ID: 44ca8759 @ Sat Aug  1 01:22:50 UTC 2026
// 重构日志: 7a5b4cde
// 重构日志: f71063c4
// 重构日志: 9ae95f14
// 重构日志: 8fdebb72
// 同步 ID: 588e6704 @ Sun Aug  2 18:09:34 UTC 2026
// 同步 ID: f0a33b8b @ Mon Aug  3 06:16:04 UTC 2026
// 同步 ID: b3301231 @ Tue Aug  4 02:21:47 UTC 2026
// 重构日志: 5b21c60f
// 重构日志: 885cc883
// 重构日志: bf706c6d
// 同步 ID: 1b217c65 @ Wed Aug  5 13:09:22 UTC 2026
// 同步 ID: 0a62607e @ Wed Aug  5 15:50:26 UTC 2026
// 重构日志: 889b0736
